Archive member included to satisfy reference by file (symbol)

/usr/lib64/libc_nonshared.a(elf-init.oS)
                              /usr/lib/gcc/x86_64-redhat-linux/8/../../../../lib64/crt1.o (__libc_csu_init)

Merging program properties

Removed property 0xc0000002 to merge 0x555f57989b30B (0x3) and 0x555f579999b0B (not found)
Removed property 0xc0000002 to merge 0x555f57989b30B (not found) and 0x555f57a168d0B (0x3)
Removed property 0xc0000002 to merge 0x555f57989b30B (not found) and 0x555f57bb3b30B (0x3)
Removed property 0xc0000002 to merge 0x555f57989b30B (not found) and 0x555f57bb82b0B (0x3)

Discarded input sections

 .group         0x0000000000000000       0x10 /usr/lib/gcc/x86_64-redhat-linux/8/../../../../lib64/crt1.o
 .group         0x0000000000000000       0x18 /usr/lib/gcc/x86_64-redhat-linux/8/../../../../lib64/crt1.o
 .group         0x0000000000000000       0x18 /usr/lib/gcc/x86_64-redhat-linux/8/../../../../lib64/crt1.o
 .group         0x0000000000000000       0x18 /usr/lib/gcc/x86_64-redhat-linux/8/../../../../lib64/crt1.o
 .group         0x0000000000000000       0x18 /usr/lib/gcc/x86_64-redhat-linux/8/../../../../lib64/crt1.o
 .group         0x0000000000000000       0x10 /usr/lib/gcc/x86_64-redhat-linux/8/../../../../lib64/crt1.o
 .group         0x0000000000000000       0x18 /usr/lib/gcc/x86_64-redhat-linux/8/../../../../lib64/crt1.o
 .group         0x0000000000000000       0x18 /usr/lib/gcc/x86_64-redhat-linux/8/../../../../lib64/crt1.o
 .group         0x0000000000000000       0x18 /usr/lib/gcc/x86_64-redhat-linux/8/../../../../lib64/crt1.o
 .group         0x0000000000000000       0x18 /usr/lib/gcc/x86_64-redhat-linux/8/../../../../lib64/crt1.o
 .note.gnu.property
                0x0000000000000000       0x20 /usr/lib/gcc/x86_64-redhat-linux/8/../../../../lib64/crt1.o
 .note.GNU-stack
                0x0000000000000000        0x0 /usr/lib/gcc/x86_64-redhat-linux/8/../../../../lib64/crt1.o
 .note.gnu.property
                0x0000000000000000       0x20 /usr/lib/gcc/x86_64-redhat-linux/8/../../../../lib64/crti.o
 .note.GNU-stack
                0x0000000000000000        0x0 /usr/lib/gcc/x86_64-redhat-linux/8/../../../../lib64/crti.o
 .note.GNU-stack
                0x0000000000000000        0x0 /usr/lib/gcc/x86_64-redhat-linux/8/crtbegin.o
 .note.gnu.property
                0x0000000000000000       0x20 /usr/lib/gcc/x86_64-redhat-linux/8/crtbegin.o
 .note.GNU-stack
                0x0000000000000000        0x0 main.o
 .note.GNU-stack
                0x0000000000000000        0x0 ccc.o
 .group         0x0000000000000000       0x14 /usr/lib64/libc_nonshared.a(elf-init.oS)
 .group         0x0000000000000000       0x18 /usr/lib64/libc_nonshared.a(elf-init.oS)
 .group         0x0000000000000000       0x18 /usr/lib64/libc_nonshared.a(elf-init.oS)
 .group         0x0000000000000000       0x18 /usr/lib64/libc_nonshared.a(elf-init.oS)
 .group         0x0000000000000000       0x18 /usr/lib64/libc_nonshared.a(elf-init.oS)
 .note.GNU-stack
                0x0000000000000000        0x0 /usr/lib64/libc_nonshared.a(elf-init.oS)
 .note.gnu.property
                0x0000000000000000       0x20 /usr/lib64/libc_nonshared.a(elf-init.oS)
 .note.GNU-stack
                0x0000000000000000        0x0 /usr/lib/gcc/x86_64-redhat-linux/8/crtend.o
 .note.gnu.property
                0x0000000000000000       0x20 /usr/lib/gcc/x86_64-redhat-linux/8/crtend.o
 .note.gnu.property
                0x0000000000000000       0x20 /usr/lib/gcc/x86_64-redhat-linux/8/../../../../lib64/crtn.o
 .note.GNU-stack
                0x0000000000000000        0x0 /usr/lib/gcc/x86_64-redhat-linux/8/../../../../lib64/crtn.o

Memory Configuration

Name             Origin             Length             Attributes
*default*        0x0000000000000000 0xffffffffffffffff

Linker script and memory map

LOAD /usr/lib/gcc/x86_64-redhat-linux/8/../../../../lib64/crt1.o
LOAD /usr/lib/gcc/x86_64-redhat-linux/8/../../../../lib64/crti.o
LOAD /usr/lib/gcc/x86_64-redhat-linux/8/crtbegin.o
LOAD main.o
LOAD ccc.o
LOAD /usr/lib/gcc/x86_64-redhat-linux/8/libgcc.a
LOAD /usr/lib/gcc/x86_64-redhat-linux/8/libgcc_s.so
START GROUP
LOAD /lib64/libgcc_s.so.1
LOAD /usr/lib/gcc/x86_64-redhat-linux/8/libgcc.a
END GROUP
LOAD /usr/lib/gcc/x86_64-redhat-linux/8/../../../../lib64/libc.so
START GROUP
LOAD /lib64/libc.so.6
LOAD /usr/lib64/libc_nonshared.a
LOAD /lib64/ld-linux-x86-64.so.2
END GROUP
LOAD /usr/lib/gcc/x86_64-redhat-linux/8/libgcc.a
LOAD /usr/lib/gcc/x86_64-redhat-linux/8/libgcc_s.so
START GROUP
LOAD /lib64/libgcc_s.so.1
LOAD /usr/lib/gcc/x86_64-redhat-linux/8/libgcc.a
END GROUP
LOAD /usr/lib/gcc/x86_64-redhat-linux/8/crtend.o
LOAD /usr/lib/gcc/x86_64-redhat-linux/8/../../../../lib64/crtn.o
                [!provide]                        PROVIDE (__executable_start = SEGMENT_START ("text-segment", 0x400000))
                0x0000000000400238                . = (SEGMENT_START ("text-segment", 0x400000) + SIZEOF_HEADERS)

.interp         0x0000000000400238       0x1c
 *(.interp)
 .interp        0x0000000000400238       0x1c /usr/lib/gcc/x86_64-redhat-linux/8/../../../../lib64/crt1.o

.note.ABI-tag   0x0000000000400254       0x20
 .note.ABI-tag  0x0000000000400254       0x20 /usr/lib/gcc/x86_64-redhat-linux/8/../../../../lib64/crt1.o

.note.gnu.build-id
                0x0000000000400274       0x24
 *(.note.gnu.build-id)
 .note.gnu.build-id
                0x0000000000400274       0x24 /usr/lib/gcc/x86_64-redhat-linux/8/../../../../lib64/crt1.o

.hash
 *(.hash)

.gnu.hash       0x0000000000400298       0x28
 *(.gnu.hash)
 .gnu.hash      0x0000000000400298       0x28 /usr/lib/gcc/x86_64-redhat-linux/8/../../../../lib64/crt1.o

.dynsym         0x00000000004002c0      0x198
 *(.dynsym)
 .dynsym        0x00000000004002c0      0x198 /usr/lib/gcc/x86_64-redhat-linux/8/../../../../lib64/crt1.o

.dynstr         0x0000000000400458       0xba
 *(.dynstr)
 .dynstr        0x0000000000400458       0xba /usr/lib/gcc/x86_64-redhat-linux/8/../../../../lib64/crt1.o

.gnu.version    0x0000000000400512       0x22
 *(.gnu.version)
 .gnu.version   0x0000000000400512       0x22 /usr/lib/gcc/x86_64-redhat-linux/8/../../../../lib64/crt1.o

.gnu.version_d  0x0000000000400538        0x0
 *(.gnu.version_d)
 .gnu.version_d
                0x0000000000400538        0x0 /usr/lib/gcc/x86_64-redhat-linux/8/../../../../lib64/crt1.o

.gnu.version_r  0x0000000000400538       0x20
 *(.gnu.version_r)
 .gnu.version_r
                0x0000000000400538       0x20 /usr/lib/gcc/x86_64-redhat-linux/8/../../../../lib64/crt1.o

.rela.dyn       0x0000000000400558       0x90
 *(.rela.init)
 *(.rela.text .rela.text.* .rela.gnu.linkonce.t.*)
 .rela.text     0x0000000000400558        0x0 /usr/lib/gcc/x86_64-redhat-linux/8/../../../../lib64/crt1.o
 *(.rela.fini)
 *(.rela.rodata .rela.rodata.* .rela.gnu.linkonce.r.*)
 *(.rela.data .rela.data.* .rela.gnu.linkonce.d.*)
 .rela.data.rel.ro
                0x0000000000400558        0x0 /usr/lib/gcc/x86_64-redhat-linux/8/../../../../lib64/crt1.o
 *(.rela.tdata .rela.tdata.* .rela.gnu.linkonce.td.*)
 *(.rela.tbss .rela.tbss.* .rela.gnu.linkonce.tb.*)
 *(.rela.ctors)
 *(.rela.dtors)
 *(.rela.got)
 .rela.got      0x0000000000400558       0x60 /usr/lib/gcc/x86_64-redhat-linux/8/../../../../lib64/crt1.o
 *(.rela.bss .rela.bss.* .rela.gnu.linkonce.b.*)
 .rela.bss      0x00000000004005b8       0x30 /usr/lib/gcc/x86_64-redhat-linux/8/../../../../lib64/crt1.o
 *(.rela.ldata .rela.ldata.* .rela.gnu.linkonce.l.*)
 *(.rela.lbss .rela.lbss.* .rela.gnu.linkonce.lb.*)
 *(.rela.lrodata .rela.lrodata.* .rela.gnu.linkonce.lr.*)
 *(.rela.ifunc)

.rela.plt       0x00000000004005e8       0xf0
 *(.rela.plt)
 .rela.plt      0x00000000004005e8       0xf0 /usr/lib/gcc/x86_64-redhat-linux/8/../../../../lib64/crt1.o
                [!provide]                        PROVIDE (__rela_iplt_start = .)
 *(.rela.iplt)
 .rela.iplt     0x00000000004006d8        0x0 /usr/lib/gcc/x86_64-redhat-linux/8/../../../../lib64/crt1.o
                [!provide]                        PROVIDE (__rela_iplt_end = .)

.init           0x00000000004006d8       0x1b
 *(SORT_NONE(.init))
 .init          0x00000000004006d8       0x16 /usr/lib/gcc/x86_64-redhat-linux/8/../../../../lib64/crti.o
                0x00000000004006d8                _init
 .init          0x00000000004006ee        0x5 /usr/lib/gcc/x86_64-redhat-linux/8/../../../../lib64/crtn.o

.plt            0x0000000000400700       0xb0
 *(.plt)
 .plt           0x0000000000400700       0xb0 /usr/lib/gcc/x86_64-redhat-linux/8/../../../../lib64/crt1.o
                0x0000000000400710                free@@GLIBC_2.2.5
                0x0000000000400720                printf@@GLIBC_2.2.5
                0x0000000000400730                fputc@@GLIBC_2.2.5
                0x0000000000400740                fprintf@@GLIBC_2.2.5
                0x0000000000400750                fflush@@GLIBC_2.2.5
                0x0000000000400760                realloc@@GLIBC_2.2.5
                0x0000000000400770                asprintf@@GLIBC_2.2.5
                0x0000000000400780                getline@@GLIBC_2.2.5
                0x0000000000400790                exit@@GLIBC_2.2.5
                0x00000000004007a0                fwrite@@GLIBC_2.2.5
 *(.iplt)
 .iplt          0x00000000004007b0        0x0 /usr/lib/gcc/x86_64-redhat-linux/8/../../../../lib64/crt1.o

.plt.got        0x00000000004007b0        0x0
 *(.plt.got)
 .plt.got       0x00000000004007b0        0x0 /usr/lib/gcc/x86_64-redhat-linux/8/../../../../lib64/crt1.o

.plt.sec
 *(.plt.sec)

.text           0x00000000004007b0      0x885
 *(.text.unlikely .text.*_unlikely .text.unlikely.*)
 .text.unlikely
                0x00000000004007b0        0x0 /usr/lib/gcc/x86_64-redhat-linux/8/../../../../lib64/crt1.o
 .text.unlikely
                0x00000000004007b0        0x0 /usr/lib/gcc/x86_64-redhat-linux/8/../../../../lib64/crt1.o
 .text.unlikely.zzz
                0x00000000004007b0        0x0 /usr/lib/gcc/x86_64-redhat-linux/8/../../../../lib64/crt1.o
 .text.unlikely
                0x00000000004007b0        0x0 /usr/lib/gcc/x86_64-redhat-linux/8/../../../../lib64/crt1.o
 .text.unlikely
                0x00000000004007b0        0x0 /usr/lib/gcc/x86_64-redhat-linux/8/../../../../lib64/crt1.o
 .text.unlikely.zzz
                0x00000000004007b0        0x0 /usr/lib/gcc/x86_64-redhat-linux/8/../../../../lib64/crt1.o
 .text.unlikely
                0x00000000004007b0        0x0 /usr/lib64/libc_nonshared.a(elf-init.oS)
 .text.unlikely
                0x00000000004007b0        0x0 /usr/lib64/libc_nonshared.a(elf-init.oS)
 .text.unlikely.zzz
                0x00000000004007b0        0x0 /usr/lib64/libc_nonshared.a(elf-init.oS)
 *(.text.exit .text.exit.*)
 .text.exit     0x00000000004007b0        0x0 /usr/lib/gcc/x86_64-redhat-linux/8/../../../../lib64/crt1.o
 .text.exit     0x00000000004007b0        0x0 /usr/lib/gcc/x86_64-redhat-linux/8/../../../../lib64/crt1.o
 .text.exit.zzz
                0x00000000004007b0        0x0 /usr/lib/gcc/x86_64-redhat-linux/8/../../../../lib64/crt1.o
 .text.exit     0x00000000004007b0        0x0 /usr/lib/gcc/x86_64-redhat-linux/8/../../../../lib64/crt1.o
 .text.exit     0x00000000004007b0        0x0 /usr/lib/gcc/x86_64-redhat-linux/8/../../../../lib64/crt1.o
 .text.exit.zzz
                0x00000000004007b0        0x0 /usr/lib/gcc/x86_64-redhat-linux/8/../../../../lib64/crt1.o
 .text.exit     0x00000000004007b0        0x0 /usr/lib64/libc_nonshared.a(elf-init.oS)
 .text.exit     0x00000000004007b0        0x0 /usr/lib64/libc_nonshared.a(elf-init.oS)
 .text.exit.zzz
                0x00000000004007b0        0x0 /usr/lib64/libc_nonshared.a(elf-init.oS)
 *(.text.startup .text.startup.*)
 .text.startup  0x00000000004007b0        0x0 /usr/lib/gcc/x86_64-redhat-linux/8/../../../../lib64/crt1.o
 .text.startup  0x00000000004007b0        0x0 /usr/lib/gcc/x86_64-redhat-linux/8/../../../../lib64/crt1.o
 .text.startup.zzz
                0x00000000004007b0        0x0 /usr/lib/gcc/x86_64-redhat-linux/8/../../../../lib64/crt1.o
 .text.startup  0x00000000004007b0        0x0 /usr/lib/gcc/x86_64-redhat-linux/8/../../../../lib64/crt1.o
 .text.startup  0x00000000004007b0        0x0 /usr/lib/gcc/x86_64-redhat-linux/8/../../../../lib64/crt1.o
 .text.startup.zzz
                0x00000000004007b0        0x0 /usr/lib/gcc/x86_64-redhat-linux/8/../../../../lib64/crt1.o
 .text.startup  0x00000000004007b0        0x0 /usr/lib64/libc_nonshared.a(elf-init.oS)
 .text.startup  0x00000000004007b0        0x0 /usr/lib64/libc_nonshared.a(elf-init.oS)
 .text.startup.zzz
                0x00000000004007b0        0x0 /usr/lib64/libc_nonshared.a(elf-init.oS)
 *(.text.hot .text.hot.*)
 .text.hot      0x00000000004007b0        0x0 /usr/lib/gcc/x86_64-redhat-linux/8/../../../../lib64/crt1.o
 .text.hot      0x00000000004007b0        0x0 /usr/lib/gcc/x86_64-redhat-linux/8/../../../../lib64/crt1.o
 .text.hot.zzz  0x00000000004007b0        0x0 /usr/lib/gcc/x86_64-redhat-linux/8/../../../../lib64/crt1.o
 .text.hot      0x00000000004007b0        0x0 /usr/lib/gcc/x86_64-redhat-linux/8/../../../../lib64/crt1.o
 .text.hot      0x00000000004007b0        0x0 /usr/lib/gcc/x86_64-redhat-linux/8/../../../../lib64/crt1.o
 .text.hot.zzz  0x00000000004007b0        0x0 /usr/lib/gcc/x86_64-redhat-linux/8/../../../../lib64/crt1.o
 .text.hot      0x00000000004007b0        0x0 /usr/lib64/libc_nonshared.a(elf-init.oS)
 .text.hot      0x00000000004007b0        0x0 /usr/lib64/libc_nonshared.a(elf-init.oS)
 .text.hot.zzz  0x00000000004007b0        0x0 /usr/lib64/libc_nonshared.a(elf-init.oS)
 *(.text .stub .text.* .gnu.linkonce.t.*)
 .text          0x00000000004007b0       0x2f /usr/lib/gcc/x86_64-redhat-linux/8/../../../../lib64/crt1.o
                0x00000000004007b0                _start
 .text          0x00000000004007df        0x0 /usr/lib/gcc/x86_64-redhat-linux/8/../../../../lib64/crt1.o
 *fill*         0x00000000004007df        0x1 
 .text          0x00000000004007e0        0x5 /usr/lib/gcc/x86_64-redhat-linux/8/../../../../lib64/crt1.o
                0x00000000004007e0                _dl_relocate_static_pie
 .text          0x00000000004007e5        0x0 /usr/lib/gcc/x86_64-redhat-linux/8/../../../../lib64/crti.o
 *fill*         0x00000000004007e5        0xb 
 .text          0x00000000004007f0       0xa6 /usr/lib/gcc/x86_64-redhat-linux/8/crtbegin.o
 .text          0x0000000000400896      0x1c3 main.o
                0x0000000000400896                main
 .text          0x0000000000400a59      0x55f ccc.o
                0x0000000000400abf                addCat
                0x0000000000400dfd                ccc
                0x0000000000400f0f                categoriesToString
                0x0000000000400fa2                freeCats
 *fill*         0x0000000000400fb8        0x8 
 .text          0x0000000000400fc0       0x75 /usr/lib64/libc_nonshared.a(elf-init.oS)
                0x0000000000400fc0                __libc_csu_init
                0x0000000000401030                __libc_csu_fini
 .text          0x0000000000401035        0x0 /usr/lib64/libc_nonshared.a(elf-init.oS)
 .text          0x0000000000401035        0x0 /usr/lib/gcc/x86_64-redhat-linux/8/crtend.o
 .text          0x0000000000401035        0x0 /usr/lib/gcc/x86_64-redhat-linux/8/../../../../lib64/crtn.o
 *(.gnu.warning)

.fini           0x0000000000401038        0xd
 *(SORT_NONE(.fini))
 .fini          0x0000000000401038        0x8 /usr/lib/gcc/x86_64-redhat-linux/8/../../../../lib64/crti.o
                0x0000000000401038                _fini
 .fini          0x0000000000401040        0x5 /usr/lib/gcc/x86_64-redhat-linux/8/../../../../lib64/crtn.o
                [!provide]                        PROVIDE (__etext = .)
                [!provide]                        PROVIDE (_etext = .)
                [!provide]                        PROVIDE (etext = .)

.rodata         0x0000000000401048       0xe8
 *(.rodata .rodata.* .gnu.linkonce.r.*)
 .rodata.cst4   0x0000000000401048        0x4 /usr/lib/gcc/x86_64-redhat-linux/8/../../../../lib64/crt1.o
                0x0000000000401048                _IO_stdin_used
 *fill*         0x000000000040104c        0x4 
 .rodata        0x0000000000401050        0x8 /usr/lib/gcc/x86_64-redhat-linux/8/crtbegin.o
                0x0000000000401050                __dso_handle
 .rodata        0x0000000000401058       0xc5 main.o
 .rodata        0x000000000040111d       0x13 ccc.o

.rodata1
 *(.rodata1)

.eh_frame_hdr   0x0000000000401130       0x74
 *(.eh_frame_hdr)
 .eh_frame_hdr  0x0000000000401130       0x74 /usr/lib/gcc/x86_64-redhat-linux/8/../../../../lib64/crt1.o
                0x0000000000401130                __GNU_EH_FRAME_HDR
 *(.eh_frame_entry .eh_frame_entry.*)

.eh_frame       0x00000000004011a8      0x1d0
 *(.eh_frame)
 .eh_frame      0x00000000004011a8       0x40 /usr/lib/gcc/x86_64-redhat-linux/8/../../../../lib64/crt1.o
                                         0x5c (size before relaxing)
 *fill*         0x00000000004011e8        0x0 
 .eh_frame      0x00000000004011e8       0x28 /usr/lib/gcc/x86_64-redhat-linux/8/../../../../lib64/crt1.o
                                         0x40 (size before relaxing)
 .eh_frame      0x0000000000401210        0x0 /usr/lib/gcc/x86_64-redhat-linux/8/../../../../lib64/crt1.o
 .eh_frame      0x0000000000401210       0x20 main.o
                                         0x38 (size before relaxing)
 .eh_frame      0x0000000000401230       0xe8 ccc.o
                                        0x100 (size before relaxing)
 .eh_frame      0x0000000000401318       0x5c /usr/lib64/libc_nonshared.a(elf-init.oS)
                                         0x78 (size before relaxing)
 .eh_frame      0x0000000000401374        0x4 /usr/lib/gcc/x86_64-redhat-linux/8/crtend.o
 *(.eh_frame.*)

.gcc_except_table
 *(.gcc_except_table .gcc_except_table.*)

.gnu_extab
 *(.gnu_extab*)

.exception_ranges
 *(.exception_ranges .exception_ranges*)
                0x0000000000601e00                . = DATA_SEGMENT_ALIGN (CONSTANT (MAXPAGESIZE), CONSTANT (COMMONPAGESIZE))

.eh_frame
 *(.eh_frame)
 *(.eh_frame.*)

.gnu_extab
 *(.gnu_extab)

.gcc_except_table
 *(.gcc_except_table .gcc_except_table.*)

.exception_ranges
 *(.exception_ranges .exception_ranges*)

.tdata
 *(.tdata .tdata.* .gnu.linkonce.td.*)

.tbss
 *(.tbss .tbss.* .gnu.linkonce.tb.*)
 *(.tcommon)

.preinit_array  0x0000000000601e00        0x0
                [!provide]                        PROVIDE (__preinit_array_start = .)
 *(.preinit_array)
                [!provide]                        PROVIDE (__preinit_array_end = .)

.init_array     0x0000000000601e00        0x8
                0x0000000000601e00                PROVIDE (__init_array_start = .)
 *(SORT_BY_INIT_PRIORITY(.init_array.*) SORT_BY_INIT_PRIORITY(.ctors.*))
 *(.init_array EXCLUDE_FILE(*crtend?.o *crtend.o *crtbegin?.o *crtbegin.o) .ctors)
 .init_array    0x0000000000601e00        0x8 /usr/lib/gcc/x86_64-redhat-linux/8/crtbegin.o
                0x0000000000601e08                PROVIDE (__init_array_end = .)

.fini_array     0x0000000000601e08        0x8
                [!provide]                        PROVIDE (__fini_array_start = .)
 *(SORT_BY_INIT_PRIORITY(.fini_array.*) SORT_BY_INIT_PRIORITY(.dtors.*))
 *(.fini_array EXCLUDE_FILE(*crtend?.o *crtend.o *crtbegin?.o *crtbegin.o) .dtors)
 .fini_array    0x0000000000601e08        0x8 /usr/lib/gcc/x86_64-redhat-linux/8/crtbegin.o
                [!provide]                        PROVIDE (__fini_array_end = .)

.ctors
 *crtbegin.o(.ctors)
 *crtbegin?.o(.ctors)
 *(EXCLUDE_FILE(*crtend?.o *crtend.o) .ctors)
 *(SORT_BY_NAME(.ctors.*))
 *(.ctors)

.dtors
 *crtbegin.o(.dtors)
 *crtbegin?.o(.dtors)
 *(EXCLUDE_FILE(*crtend?.o *crtend.o) .dtors)
 *(SORT_BY_NAME(.dtors.*))
 *(.dtors)

.jcr
 *(.jcr)

.data.rel.ro    0x0000000000601e10        0x0
 *(.data.rel.ro.local* .gnu.linkonce.d.rel.ro.local.*)
 *(.data.rel.ro .data.rel.ro.* .gnu.linkonce.d.rel.ro.*)
 .data.rel.ro   0x0000000000601e10        0x0 /usr/lib/gcc/x86_64-redhat-linux/8/../../../../lib64/crt1.o

.dynamic        0x0000000000601e10      0x1d0
 *(.dynamic)
 .dynamic       0x0000000000601e10      0x1d0 /usr/lib/gcc/x86_64-redhat-linux/8/../../../../lib64/crt1.o
                0x0000000000601e10                _DYNAMIC

.got            0x0000000000601fe0       0x20
 *(.got)
 .got           0x0000000000601fe0       0x20 /usr/lib/gcc/x86_64-redhat-linux/8/../../../../lib64/crt1.o
 *(.igot)
                0x0000000000602fe8                . = DATA_SEGMENT_RELRO_END (., (SIZEOF (.got.plt) >= 0x18)?0x18:0x0)

.got.plt        0x0000000000602000       0x68
 *(.got.plt)
 .got.plt       0x0000000000602000       0x68 /usr/lib/gcc/x86_64-redhat-linux/8/../../../../lib64/crt1.o
                0x0000000000602000                _GLOBAL_OFFSET_TABLE_
 *(.igot.plt)
 .igot.plt      0x0000000000602068        0x0 /usr/lib/gcc/x86_64-redhat-linux/8/../../../../lib64/crt1.o

.data           0x0000000000602068       0x10
 *(.data .data.* .gnu.linkonce.d.*)
 .data          0x0000000000602068        0x4 /usr/lib/gcc/x86_64-redhat-linux/8/../../../../lib64/crt1.o
                0x0000000000602068                data_start
                0x0000000000602068                __data_start
 .data          0x000000000060206c        0x0 /usr/lib/gcc/x86_64-redhat-linux/8/../../../../lib64/crti.o
 .data          0x000000000060206c        0x0 /usr/lib/gcc/x86_64-redhat-linux/8/crtbegin.o
 .data          0x000000000060206c        0x0 main.o
 *fill*         0x000000000060206c        0x4 
 .data          0x0000000000602070        0x8 ccc.o
                0x0000000000602070                arraySize
 .data          0x0000000000602078        0x0 /usr/lib64/libc_nonshared.a(elf-init.oS)
 .data          0x0000000000602078        0x0 /usr/lib/gcc/x86_64-redhat-linux/8/crtend.o
 .data          0x0000000000602078        0x0 /usr/lib/gcc/x86_64-redhat-linux/8/../../../../lib64/crtn.o

.tm_clone_table
                0x0000000000602078        0x0
 .tm_clone_table
                0x0000000000602078        0x0 /usr/lib/gcc/x86_64-redhat-linux/8/crtbegin.o
 .tm_clone_table
                0x0000000000602078        0x0 /usr/lib/gcc/x86_64-redhat-linux/8/crtend.o

.data1
 *(.data1)
                0x0000000000602078                _edata = .
                [!provide]                        PROVIDE (edata = .)
                0x0000000000602078                . = .
                0x0000000000602078                __bss_start = .

.bss            0x0000000000602080       0x40
 *(.dynbss)
 *fill*         0x0000000000602080        0x0 
 .dynbss        0x0000000000602080       0x28 /usr/lib/gcc/x86_64-redhat-linux/8/../../../../lib64/crt1.o
                0x0000000000602080                stdin@@GLIBC_2.2.5
                0x00000000006020a0                stderr@@GLIBC_2.2.5
 *(.bss .bss.* .gnu.linkonce.b.*)
 .bss           0x00000000006020a8        0x0 /usr/lib/gcc/x86_64-redhat-linux/8/../../../../lib64/crt1.o
 .bss           0x00000000006020a8        0x0 /usr/lib/gcc/x86_64-redhat-linux/8/../../../../lib64/crti.o
 .bss           0x00000000006020a8        0x1 /usr/lib/gcc/x86_64-redhat-linux/8/crtbegin.o
 .bss           0x00000000006020a9        0x0 main.o
 *fill*         0x00000000006020a9        0x7 
 .bss           0x00000000006020b0       0x10 ccc.o
 .bss           0x00000000006020c0        0x0 /usr/lib64/libc_nonshared.a(elf-init.oS)
 .bss           0x00000000006020c0        0x0 /usr/lib/gcc/x86_64-redhat-linux/8/crtend.o
 .bss           0x00000000006020c0        0x0 /usr/lib/gcc/x86_64-redhat-linux/8/../../../../lib64/crtn.o
 *(COMMON)
                0x00000000006020c0                . = ALIGN ((. != 0x0)?0x8:0x1)

.lbss
 *(.dynlbss)
 *(.lbss .lbss.* .gnu.linkonce.lb.*)
 *(LARGE_COMMON)
                0x00000000006020c0                . = ALIGN (0x8)
                0x00000000006020c0                . = SEGMENT_START ("ldata-segment", .)

.lrodata
 *(.lrodata .lrodata.* .gnu.linkonce.lr.*)

.ldata          0x0000000000a020c0        0x0
 *(.ldata .ldata.* .gnu.linkonce.l.*)
                0x0000000000a020c0                . = ALIGN ((. != 0x0)?0x8:0x1)
                0x0000000000a020c0                . = ALIGN (0x8)
                0x0000000000a020c0                _end = .
                [!provide]                        PROVIDE (end = .)
                0x0000000000a020c0                . = DATA_SEGMENT_END (.)

.stab
 *(.stab)

.stabstr
 *(.stabstr)

.stab.excl
 *(.stab.excl)

.stab.exclstr
 *(.stab.exclstr)

.stab.index
 *(.stab.index)

.stab.indexstr
 *(.stab.indexstr)

.comment        0x0000000000000000       0x2d
 *(.comment)
 .comment       0x0000000000000000       0x2d /usr/lib/gcc/x86_64-redhat-linux/8/../../../../lib64/crt1.o
                                         0x5c (size before relaxing)
 .comment       0x000000000000002d       0x2e /usr/lib/gcc/x86_64-redhat-linux/8/crtbegin.o
 .comment       0x000000000000002d       0x2e main.o
 .comment       0x000000000000002d       0x2e ccc.o
 .comment       0x000000000000002d       0x2e /usr/lib64/libc_nonshared.a(elf-init.oS)
 .comment       0x000000000000002d       0x2e /usr/lib/gcc/x86_64-redhat-linux/8/crtend.o

.gnu.build.attributes
                0x0000000000a020c0     0x1db8
 *(.gnu.build.attributes .gnu.build.attributes.*)
 .gnu.build.attributes
                0x0000000000a020c0      0x1d0 /usr/lib/gcc/x86_64-redhat-linux/8/../../../../lib64/crt1.o
 .gnu.build.attributes.hot
                0x0000000000a02290      0x1d0 /usr/lib/gcc/x86_64-redhat-linux/8/../../../../lib64/crt1.o
 .gnu.build.attributes.unlikely
                0x0000000000a02460      0x1d0 /usr/lib/gcc/x86_64-redhat-linux/8/../../../../lib64/crt1.o
 .gnu.build.attributes.startup
                0x0000000000a02630      0x1d0 /usr/lib/gcc/x86_64-redhat-linux/8/../../../../lib64/crt1.o
 .gnu.build.attributes.exit
                0x0000000000a02800      0x1d0 /usr/lib/gcc/x86_64-redhat-linux/8/../../../../lib64/crt1.o
 .gnu.build.attributes
                0x0000000000a029d0      0x230 /usr/lib/gcc/x86_64-redhat-linux/8/../../../../lib64/crt1.o
 .gnu.build.attributes.hot
                0x0000000000a02c00      0x1d0 /usr/lib/gcc/x86_64-redhat-linux/8/../../../../lib64/crt1.o
 .gnu.build.attributes.unlikely
                0x0000000000a02dd0      0x1d0 /usr/lib/gcc/x86_64-redhat-linux/8/../../../../lib64/crt1.o
 .gnu.build.attributes.startup
                0x0000000000a02fa0      0x1d0 /usr/lib/gcc/x86_64-redhat-linux/8/../../../../lib64/crt1.o
 .gnu.build.attributes.exit
                0x0000000000a03170      0x1d0 /usr/lib/gcc/x86_64-redhat-linux/8/../../../../lib64/crt1.o
 .gnu.build.attributes
                0x0000000000a03340       0x48 /usr/lib/gcc/x86_64-redhat-linux/8/../../../../lib64/crt1.o
 .gnu.build.attributes
                0x0000000000a03388       0x6c /usr/lib/gcc/x86_64-redhat-linux/8/../../../../lib64/crti.o
 .gnu.build.attributes
                0x0000000000a033f4       0x24 /usr/lib/gcc/x86_64-redhat-linux/8/crtbegin.o
 .gnu.build.attributes
                0x0000000000a03418      0x290 /usr/lib64/libc_nonshared.a(elf-init.oS)
 .gnu.build.attributes.hot
                0x0000000000a036a8      0x1d0 /usr/lib64/libc_nonshared.a(elf-init.oS)
 .gnu.build.attributes.unlikely
                0x0000000000a03878      0x1d0 /usr/lib64/libc_nonshared.a(elf-init.oS)
 .gnu.build.attributes.startup
                0x0000000000a03a48      0x1d0 /usr/lib64/libc_nonshared.a(elf-init.oS)
 .gnu.build.attributes.exit
                0x0000000000a03c18      0x1d0 /usr/lib64/libc_nonshared.a(elf-init.oS)
 .gnu.build.attributes
                0x0000000000a03de8       0x24 /usr/lib/gcc/x86_64-redhat-linux/8/crtend.o
 .gnu.build.attributes
                0x0000000000a03e0c       0x6c /usr/lib/gcc/x86_64-redhat-linux/8/../../../../lib64/crtn.o

.debug
 *(.debug)

.line
 *(.line)

.debug_srcinfo
 *(.debug_srcinfo)

.debug_sfnames
 *(.debug_sfnames)

.debug_aranges  0x0000000000000000       0x60
 *(.debug_aranges)
 .debug_aranges
                0x0000000000000000       0x30 main.o
 .debug_aranges
                0x0000000000000030       0x30 ccc.o

.debug_pubnames
 *(.debug_pubnames)

.debug_info     0x0000000000000000      0xa4e
 *(.debug_info .gnu.linkonce.wi.*)
 .debug_info    0x0000000000000000      0x3ce main.o
 .debug_info    0x00000000000003ce      0x680 ccc.o

.debug_abbrev   0x0000000000000000      0x306
 *(.debug_abbrev)
 .debug_abbrev  0x0000000000000000      0x115 main.o
 .debug_abbrev  0x0000000000000115      0x1f1 ccc.o

.debug_line     0x0000000000000000      0x4db
 *(.debug_line .debug_line.* .debug_line_end)
 .debug_line    0x0000000000000000      0x15b main.o
 .debug_line    0x000000000000015b      0x380 ccc.o

.debug_frame
 *(.debug_frame)

.debug_str      0x0000000000000000      0x366
 *(.debug_str)
 .debug_str     0x0000000000000000      0x292 main.o
                                        0x310 (size before relaxing)
 .debug_str     0x0000000000000292       0xd4 ccc.o
                                        0x3c4 (size before relaxing)

.debug_loc
 *(.debug_loc)

.debug_macinfo
 *(.debug_macinfo)

.debug_weaknames
 *(.debug_weaknames)

.debug_funcnames
 *(.debug_funcnames)

.debug_typenames
 *(.debug_typenames)

.debug_varnames
 *(.debug_varnames)

.debug_pubtypes
 *(.debug_pubtypes)

.debug_ranges   0x0000000000000000       0xc0
 *(.debug_ranges)
 .debug_ranges  0x0000000000000000       0x30 main.o
 .debug_ranges  0x0000000000000030       0x90 ccc.o

.debug_macro
 *(.debug_macro)

.debug_addr
 *(.debug_addr)

.gnu.attributes
 *(.gnu.attributes)

/DISCARD/
 *(.note.GNU-stack)
 *(.gnu_debuglink)
 *(.gnu.lto_*)
 *(.gnu_object_only)
OUTPUT(hw4 elf64-x86-64)
