Archive member included to satisfy reference by file (symbol)

/usr/lib64/libc_nonshared.a(elf-init.oS)
                              /usr/lib/gcc/x86_64-redhat-linux/8/../../../../lib64/crt1.o (__libc_csu_init)

Merging program properties

Removed property 0xc0000002 to merge 0x55e3011d6b30B (0x3) and 0x55e3011e69b0B (not found)
Removed property 0xc0000002 to merge 0x55e3011d6b30B (not found) and 0x55e30125fe60B (0x3)
Removed property 0xc0000002 to merge 0x55e3011d6b30B (not found) and 0x55e3013fe0b0B (0x3)
Removed property 0xc0000002 to merge 0x55e3011d6b30B (not found) and 0x55e301402830B (0x3)

Discarded input sections

 .group         0x0000000000000000       0x10 /usr/lib/gcc/x86_64-redhat-linux/8/../../../../lib64/crt1.o
 .group         0x0000000000000000       0x18 /usr/lib/gcc/x86_64-redhat-linux/8/../../../../lib64/crt1.o
 .group         0x0000000000000000       0x18 /usr/lib/gcc/x86_64-redhat-linux/8/../../../../lib64/crt1.o
 .group         0x0000000000000000       0x18 /usr/lib/gcc/x86_64-redhat-linux/8/../../../../lib64/crt1.o
 .group         0x0000000000000000       0x18 /usr/lib/gcc/x86_64-redhat-linux/8/../../../../lib64/crt1.o
 .group         0x0000000000000000       0x10 /usr/lib/gcc/x86_64-redhat-linux/8/../../../../lib64/crt1.o
 .group         0x0000000000000000       0x18 /usr/lib/gcc/x86_64-redhat-linux/8/../../../../lib64/crt1.o
 .group         0x0000000000000000       0x18 /usr/lib/gcc/x86_64-redhat-linux/8/../../../../lib64/crt1.o
 .group         0x0000000000000000       0x18 /usr/lib/gcc/x86_64-redhat-linux/8/../../../../lib64/crt1.o
 .group         0x0000000000000000       0x18 /usr/lib/gcc/x86_64-redhat-linux/8/../../../../lib64/crt1.o
 .note.gnu.property
                0x0000000000000000       0x20 /usr/lib/gcc/x86_64-redhat-linux/8/../../../../lib64/crt1.o
 .note.GNU-stack
                0x0000000000000000        0x0 /usr/lib/gcc/x86_64-redhat-linux/8/../../../../lib64/crt1.o
 .note.gnu.property
                0x0000000000000000       0x20 /usr/lib/gcc/x86_64-redhat-linux/8/../../../../lib64/crti.o
 .note.GNU-stack
                0x0000000000000000        0x0 /usr/lib/gcc/x86_64-redhat-linux/8/../../../../lib64/crti.o
 .note.GNU-stack
                0x0000000000000000        0x0 /usr/lib/gcc/x86_64-redhat-linux/8/crtbegin.o
 .note.gnu.property
                0x0000000000000000       0x20 /usr/lib/gcc/x86_64-redhat-linux/8/crtbegin.o
 .note.GNU-stack
                0x0000000000000000        0x0 main.o
 .note.GNU-stack
                0x0000000000000000        0x0 ccc.o
 .group         0x0000000000000000       0x14 /usr/lib64/libc_nonshared.a(elf-init.oS)
 .group         0x0000000000000000       0x18 /usr/lib64/libc_nonshared.a(elf-init.oS)
 .group         0x0000000000000000       0x18 /usr/lib64/libc_nonshared.a(elf-init.oS)
 .group         0x0000000000000000       0x18 /usr/lib64/libc_nonshared.a(elf-init.oS)
 .group         0x0000000000000000       0x18 /usr/lib64/libc_nonshared.a(elf-init.oS)
 .note.GNU-stack
                0x0000000000000000        0x0 /usr/lib64/libc_nonshared.a(elf-init.oS)
 .note.gnu.property
                0x0000000000000000       0x20 /usr/lib64/libc_nonshared.a(elf-init.oS)
 .note.GNU-stack
                0x0000000000000000        0x0 /usr/lib/gcc/x86_64-redhat-linux/8/crtend.o
 .note.gnu.property
                0x0000000000000000       0x20 /usr/lib/gcc/x86_64-redhat-linux/8/crtend.o
 .note.gnu.property
                0x0000000000000000       0x20 /usr/lib/gcc/x86_64-redhat-linux/8/../../../../lib64/crtn.o
 .note.GNU-stack
                0x0000000000000000        0x0 /usr/lib/gcc/x86_64-redhat-linux/8/../../../../lib64/crtn.o

Memory Configuration

Name             Origin             Length             Attributes
*default*        0x0000000000000000 0xffffffffffffffff

Linker script and memory map

LOAD /usr/lib/gcc/x86_64-redhat-linux/8/../../../../lib64/crt1.o
LOAD /usr/lib/gcc/x86_64-redhat-linux/8/../../../../lib64/crti.o
LOAD /usr/lib/gcc/x86_64-redhat-linux/8/crtbegin.o
LOAD main.o
LOAD ccc.o
LOAD /usr/lib/gcc/x86_64-redhat-linux/8/libgcc.a
LOAD /usr/lib/gcc/x86_64-redhat-linux/8/libgcc_s.so
START GROUP
LOAD /lib64/libgcc_s.so.1
LOAD /usr/lib/gcc/x86_64-redhat-linux/8/libgcc.a
END GROUP
LOAD /usr/lib/gcc/x86_64-redhat-linux/8/../../../../lib64/libc.so
START GROUP
LOAD /lib64/libc.so.6
LOAD /usr/lib64/libc_nonshared.a
LOAD /lib64/ld-linux-x86-64.so.2
END GROUP
LOAD /usr/lib/gcc/x86_64-redhat-linux/8/libgcc.a
LOAD /usr/lib/gcc/x86_64-redhat-linux/8/libgcc_s.so
START GROUP
LOAD /lib64/libgcc_s.so.1
LOAD /usr/lib/gcc/x86_64-redhat-linux/8/libgcc.a
END GROUP
LOAD /usr/lib/gcc/x86_64-redhat-linux/8/crtend.o
LOAD /usr/lib/gcc/x86_64-redhat-linux/8/../../../../lib64/crtn.o
                [!provide]                        PROVIDE (__executable_start = SEGMENT_START ("text-segment", 0x400000))
                0x0000000000400238                . = (SEGMENT_START ("text-segment", 0x400000) + SIZEOF_HEADERS)

.interp         0x0000000000400238       0x1c
 *(.interp)
 .interp        0x0000000000400238       0x1c /usr/lib/gcc/x86_64-redhat-linux/8/../../../../lib64/crt1.o

.note.ABI-tag   0x0000000000400254       0x20
 .note.ABI-tag  0x0000000000400254       0x20 /usr/lib/gcc/x86_64-redhat-linux/8/../../../../lib64/crt1.o

.note.gnu.build-id
                0x0000000000400274       0x24
 *(.note.gnu.build-id)
 .note.gnu.build-id
                0x0000000000400274       0x24 /usr/lib/gcc/x86_64-redhat-linux/8/../../../../lib64/crt1.o

.hash
 *(.hash)

.gnu.hash       0x0000000000400298       0x24
 *(.gnu.hash)
 .gnu.hash      0x0000000000400298       0x24 /usr/lib/gcc/x86_64-redhat-linux/8/../../../../lib64/crt1.o

.dynsym         0x00000000004002c0       0xc0
 *(.dynsym)
 .dynsym        0x00000000004002c0       0xc0 /usr/lib/gcc/x86_64-redhat-linux/8/../../../../lib64/crt1.o

.dynstr         0x0000000000400380       0x83
 *(.dynstr)
 .dynstr        0x0000000000400380       0x83 /usr/lib/gcc/x86_64-redhat-linux/8/../../../../lib64/crt1.o

.gnu.version    0x0000000000400404       0x10
 *(.gnu.version)
 .gnu.version   0x0000000000400404       0x10 /usr/lib/gcc/x86_64-redhat-linux/8/../../../../lib64/crt1.o

.gnu.version_d  0x0000000000400418        0x0
 *(.gnu.version_d)
 .gnu.version_d
                0x0000000000400418        0x0 /usr/lib/gcc/x86_64-redhat-linux/8/../../../../lib64/crt1.o

.gnu.version_r  0x0000000000400418       0x20
 *(.gnu.version_r)
 .gnu.version_r
                0x0000000000400418       0x20 /usr/lib/gcc/x86_64-redhat-linux/8/../../../../lib64/crt1.o

.rela.dyn       0x0000000000400438       0x78
 *(.rela.init)
 *(.rela.text .rela.text.* .rela.gnu.linkonce.t.*)
 .rela.text     0x0000000000400438        0x0 /usr/lib/gcc/x86_64-redhat-linux/8/../../../../lib64/crt1.o
 *(.rela.fini)
 *(.rela.rodata .rela.rodata.* .rela.gnu.linkonce.r.*)
 *(.rela.data .rela.data.* .rela.gnu.linkonce.d.*)
 .rela.data.rel.ro
                0x0000000000400438        0x0 /usr/lib/gcc/x86_64-redhat-linux/8/../../../../lib64/crt1.o
 *(.rela.tdata .rela.tdata.* .rela.gnu.linkonce.td.*)
 *(.rela.tbss .rela.tbss.* .rela.gnu.linkonce.tb.*)
 *(.rela.ctors)
 *(.rela.dtors)
 *(.rela.got)
 .rela.got      0x0000000000400438       0x60 /usr/lib/gcc/x86_64-redhat-linux/8/../../../../lib64/crt1.o
 *(.rela.bss .rela.bss.* .rela.gnu.linkonce.b.*)
 .rela.bss      0x0000000000400498       0x18 /usr/lib/gcc/x86_64-redhat-linux/8/../../../../lib64/crt1.o
 *(.rela.ldata .rela.ldata.* .rela.gnu.linkonce.l.*)
 *(.rela.lbss .rela.lbss.* .rela.gnu.linkonce.lb.*)
 *(.rela.lrodata .rela.lrodata.* .rela.gnu.linkonce.lr.*)
 *(.rela.ifunc)

.rela.plt       0x00000000004004b0       0x30
 *(.rela.plt)
 .rela.plt      0x00000000004004b0       0x30 /usr/lib/gcc/x86_64-redhat-linux/8/../../../../lib64/crt1.o
                [!provide]                        PROVIDE (__rela_iplt_start = .)
 *(.rela.iplt)
 .rela.iplt     0x00000000004004e0        0x0 /usr/lib/gcc/x86_64-redhat-linux/8/../../../../lib64/crt1.o
                [!provide]                        PROVIDE (__rela_iplt_end = .)

.init           0x00000000004004e0       0x1b
 *(SORT_NONE(.init))
 .init          0x00000000004004e0       0x16 /usr/lib/gcc/x86_64-redhat-linux/8/../../../../lib64/crti.o
                0x00000000004004e0                _init
 .init          0x00000000004004f6        0x5 /usr/lib/gcc/x86_64-redhat-linux/8/../../../../lib64/crtn.o

.plt            0x0000000000400500       0x30
 *(.plt)
 .plt           0x0000000000400500       0x30 /usr/lib/gcc/x86_64-redhat-linux/8/../../../../lib64/crt1.o
                0x0000000000400510                printf@@GLIBC_2.2.5
                0x0000000000400520                getline@@GLIBC_2.2.5
 *(.iplt)
 .iplt          0x0000000000400530        0x0 /usr/lib/gcc/x86_64-redhat-linux/8/../../../../lib64/crt1.o

.plt.got        0x0000000000400530        0x0
 *(.plt.got)
 .plt.got       0x0000000000400530        0x0 /usr/lib/gcc/x86_64-redhat-linux/8/../../../../lib64/crt1.o

.plt.sec
 *(.plt.sec)

.text           0x0000000000400530      0x375
 *(.text.unlikely .text.*_unlikely .text.unlikely.*)
 .text.unlikely
                0x0000000000400530        0x0 /usr/lib/gcc/x86_64-redhat-linux/8/../../../../lib64/crt1.o
 .text.unlikely
                0x0000000000400530        0x0 /usr/lib/gcc/x86_64-redhat-linux/8/../../../../lib64/crt1.o
 .text.unlikely.zzz
                0x0000000000400530        0x0 /usr/lib/gcc/x86_64-redhat-linux/8/../../../../lib64/crt1.o
 .text.unlikely
                0x0000000000400530        0x0 /usr/lib/gcc/x86_64-redhat-linux/8/../../../../lib64/crt1.o
 .text.unlikely
                0x0000000000400530        0x0 /usr/lib/gcc/x86_64-redhat-linux/8/../../../../lib64/crt1.o
 .text.unlikely.zzz
                0x0000000000400530        0x0 /usr/lib/gcc/x86_64-redhat-linux/8/../../../../lib64/crt1.o
 .text.unlikely
                0x0000000000400530        0x0 /usr/lib64/libc_nonshared.a(elf-init.oS)
 .text.unlikely
                0x0000000000400530        0x0 /usr/lib64/libc_nonshared.a(elf-init.oS)
 .text.unlikely.zzz
                0x0000000000400530        0x0 /usr/lib64/libc_nonshared.a(elf-init.oS)
 *(.text.exit .text.exit.*)
 .text.exit     0x0000000000400530        0x0 /usr/lib/gcc/x86_64-redhat-linux/8/../../../../lib64/crt1.o
 .text.exit     0x0000000000400530        0x0 /usr/lib/gcc/x86_64-redhat-linux/8/../../../../lib64/crt1.o
 .text.exit.zzz
                0x0000000000400530        0x0 /usr/lib/gcc/x86_64-redhat-linux/8/../../../../lib64/crt1.o
 .text.exit     0x0000000000400530        0x0 /usr/lib/gcc/x86_64-redhat-linux/8/../../../../lib64/crt1.o
 .text.exit     0x0000000000400530        0x0 /usr/lib/gcc/x86_64-redhat-linux/8/../../../../lib64/crt1.o
 .text.exit.zzz
                0x0000000000400530        0x0 /usr/lib/gcc/x86_64-redhat-linux/8/../../../../lib64/crt1.o
 .text.exit     0x0000000000400530        0x0 /usr/lib64/libc_nonshared.a(elf-init.oS)
 .text.exit     0x0000000000400530        0x0 /usr/lib64/libc_nonshared.a(elf-init.oS)
 .text.exit.zzz
                0x0000000000400530        0x0 /usr/lib64/libc_nonshared.a(elf-init.oS)
 *(.text.startup .text.startup.*)
 .text.startup  0x0000000000400530        0x0 /usr/lib/gcc/x86_64-redhat-linux/8/../../../../lib64/crt1.o
 .text.startup  0x0000000000400530        0x0 /usr/lib/gcc/x86_64-redhat-linux/8/../../../../lib64/crt1.o
 .text.startup.zzz
                0x0000000000400530        0x0 /usr/lib/gcc/x86_64-redhat-linux/8/../../../../lib64/crt1.o
 .text.startup  0x0000000000400530        0x0 /usr/lib/gcc/x86_64-redhat-linux/8/../../../../lib64/crt1.o
 .text.startup  0x0000000000400530        0x0 /usr/lib/gcc/x86_64-redhat-linux/8/../../../../lib64/crt1.o
 .text.startup.zzz
                0x0000000000400530        0x0 /usr/lib/gcc/x86_64-redhat-linux/8/../../../../lib64/crt1.o
 .text.startup  0x0000000000400530        0x0 /usr/lib64/libc_nonshared.a(elf-init.oS)
 .text.startup  0x0000000000400530        0x0 /usr/lib64/libc_nonshared.a(elf-init.oS)
 .text.startup.zzz
                0x0000000000400530        0x0 /usr/lib64/libc_nonshared.a(elf-init.oS)
 *(.text.hot .text.hot.*)
 .text.hot      0x0000000000400530        0x0 /usr/lib/gcc/x86_64-redhat-linux/8/../../../../lib64/crt1.o
 .text.hot      0x0000000000400530        0x0 /usr/lib/gcc/x86_64-redhat-linux/8/../../../../lib64/crt1.o
 .text.hot.zzz  0x0000000000400530        0x0 /usr/lib/gcc/x86_64-redhat-linux/8/../../../../lib64/crt1.o
 .text.hot      0x0000000000400530        0x0 /usr/lib/gcc/x86_64-redhat-linux/8/../../../../lib64/crt1.o
 .text.hot      0x0000000000400530        0x0 /usr/lib/gcc/x86_64-redhat-linux/8/../../../../lib64/crt1.o
 .text.hot.zzz  0x0000000000400530        0x0 /usr/lib/gcc/x86_64-redhat-linux/8/../../../../lib64/crt1.o
 .text.hot      0x0000000000400530        0x0 /usr/lib64/libc_nonshared.a(elf-init.oS)
 .text.hot      0x0000000000400530        0x0 /usr/lib64/libc_nonshared.a(elf-init.oS)
 .text.hot.zzz  0x0000000000400530        0x0 /usr/lib64/libc_nonshared.a(elf-init.oS)
 *(.text .stub .text.* .gnu.linkonce.t.*)
 .text          0x0000000000400530       0x2f /usr/lib/gcc/x86_64-redhat-linux/8/../../../../lib64/crt1.o
                0x0000000000400530                _start
 .text          0x000000000040055f        0x0 /usr/lib/gcc/x86_64-redhat-linux/8/../../../../lib64/crt1.o
 *fill*         0x000000000040055f        0x1 
 .text          0x0000000000400560        0x5 /usr/lib/gcc/x86_64-redhat-linux/8/../../../../lib64/crt1.o
                0x0000000000400560                _dl_relocate_static_pie
 .text          0x0000000000400565        0x0 /usr/lib/gcc/x86_64-redhat-linux/8/../../../../lib64/crti.o
 *fill*         0x0000000000400565        0xb 
 .text          0x0000000000400570       0xa6 /usr/lib/gcc/x86_64-redhat-linux/8/crtbegin.o
 .text          0x0000000000400616       0x61 main.o
                0x0000000000400616                main
 .text          0x0000000000400677      0x1b9 ccc.o
                0x0000000000400722                ccc
 .text          0x0000000000400830       0x75 /usr/lib64/libc_nonshared.a(elf-init.oS)
                0x0000000000400830                __libc_csu_init
                0x00000000004008a0                __libc_csu_fini
 .text          0x00000000004008a5        0x0 /usr/lib64/libc_nonshared.a(elf-init.oS)
 .text          0x00000000004008a5        0x0 /usr/lib/gcc/x86_64-redhat-linux/8/crtend.o
 .text          0x00000000004008a5        0x0 /usr/lib/gcc/x86_64-redhat-linux/8/../../../../lib64/crtn.o
 *(.gnu.warning)

.fini           0x00000000004008a8        0xd
 *(SORT_NONE(.fini))
 .fini          0x00000000004008a8        0x8 /usr/lib/gcc/x86_64-redhat-linux/8/../../../../lib64/crti.o
                0x00000000004008a8                _fini
 .fini          0x00000000004008b0        0x5 /usr/lib/gcc/x86_64-redhat-linux/8/../../../../lib64/crtn.o
                [!provide]                        PROVIDE (__etext = .)
                [!provide]                        PROVIDE (_etext = .)
                [!provide]                        PROVIDE (etext = .)

.rodata         0x00000000004008b8       0x2f
 *(.rodata .rodata.* .gnu.linkonce.r.*)
 .rodata.cst4   0x00000000004008b8        0x4 /usr/lib/gcc/x86_64-redhat-linux/8/../../../../lib64/crt1.o
                0x00000000004008b8                _IO_stdin_used
 *fill*         0x00000000004008bc        0x4 
 .rodata        0x00000000004008c0        0x8 /usr/lib/gcc/x86_64-redhat-linux/8/crtbegin.o
                0x00000000004008c0                __dso_handle
 .rodata        0x00000000004008c8       0x1f ccc.o
                0x00000000004008dc                numCategories

.rodata1
 *(.rodata1)

.eh_frame_hdr   0x00000000004008e8       0x54
 *(.eh_frame_hdr)
 .eh_frame_hdr  0x00000000004008e8       0x54 /usr/lib/gcc/x86_64-redhat-linux/8/../../../../lib64/crt1.o
                0x00000000004008e8                __GNU_EH_FRAME_HDR
 *(.eh_frame_entry .eh_frame_entry.*)

.eh_frame       0x0000000000400940      0x148
 *(.eh_frame)
 .eh_frame      0x0000000000400940       0x40 /usr/lib/gcc/x86_64-redhat-linux/8/../../../../lib64/crt1.o
                                         0x5c (size before relaxing)
 *fill*         0x0000000000400980        0x0 
 .eh_frame      0x0000000000400980       0x28 /usr/lib/gcc/x86_64-redhat-linux/8/../../../../lib64/crt1.o
                                         0x40 (size before relaxing)
 .eh_frame      0x00000000004009a8        0x0 /usr/lib/gcc/x86_64-redhat-linux/8/../../../../lib64/crt1.o
 .eh_frame      0x00000000004009a8       0x20 main.o
                                         0x38 (size before relaxing)
 .eh_frame      0x00000000004009c8       0x60 ccc.o
                                         0x78 (size before relaxing)
 .eh_frame      0x0000000000400a28       0x5c /usr/lib64/libc_nonshared.a(elf-init.oS)
                                         0x78 (size before relaxing)
 .eh_frame      0x0000000000400a84        0x4 /usr/lib/gcc/x86_64-redhat-linux/8/crtend.o
 *(.eh_frame.*)

.gcc_except_table
 *(.gcc_except_table .gcc_except_table.*)

.gnu_extab
 *(.gnu_extab*)

.exception_ranges
 *(.exception_ranges .exception_ranges*)
                0x0000000000600e00                . = DATA_SEGMENT_ALIGN (CONSTANT (MAXPAGESIZE), CONSTANT (COMMONPAGESIZE))

.eh_frame
 *(.eh_frame)
 *(.eh_frame.*)

.gnu_extab
 *(.gnu_extab)

.gcc_except_table
 *(.gcc_except_table .gcc_except_table.*)

.exception_ranges
 *(.exception_ranges .exception_ranges*)

.tdata
 *(.tdata .tdata.* .gnu.linkonce.td.*)

.tbss
 *(.tbss .tbss.* .gnu.linkonce.tb.*)
 *(.tcommon)

.preinit_array  0x0000000000600e00        0x0
                [!provide]                        PROVIDE (__preinit_array_start = .)
 *(.preinit_array)
                [!provide]                        PROVIDE (__preinit_array_end = .)

.init_array     0x0000000000600e00        0x8
                0x0000000000600e00                PROVIDE (__init_array_start = .)
 *(SORT_BY_INIT_PRIORITY(.init_array.*) SORT_BY_INIT_PRIORITY(.ctors.*))
 *(.init_array EXCLUDE_FILE(*crtend?.o *crtend.o *crtbegin?.o *crtbegin.o) .ctors)
 .init_array    0x0000000000600e00        0x8 /usr/lib/gcc/x86_64-redhat-linux/8/crtbegin.o
                0x0000000000600e08                PROVIDE (__init_array_end = .)

.fini_array     0x0000000000600e08        0x8
                [!provide]                        PROVIDE (__fini_array_start = .)
 *(SORT_BY_INIT_PRIORITY(.fini_array.*) SORT_BY_INIT_PRIORITY(.dtors.*))
 *(.fini_array EXCLUDE_FILE(*crtend?.o *crtend.o *crtbegin?.o *crtbegin.o) .dtors)
 .fini_array    0x0000000000600e08        0x8 /usr/lib/gcc/x86_64-redhat-linux/8/crtbegin.o
                [!provide]                        PROVIDE (__fini_array_end = .)

.ctors
 *crtbegin.o(.ctors)
 *crtbegin?.o(.ctors)
 *(EXCLUDE_FILE(*crtend?.o *crtend.o) .ctors)
 *(SORT_BY_NAME(.ctors.*))
 *(.ctors)

.dtors
 *crtbegin.o(.dtors)
 *crtbegin?.o(.dtors)
 *(EXCLUDE_FILE(*crtend?.o *crtend.o) .dtors)
 *(SORT_BY_NAME(.dtors.*))
 *(.dtors)

.jcr
 *(.jcr)

.data.rel.ro    0x0000000000600e10        0x0
 *(.data.rel.ro.local* .gnu.linkonce.d.rel.ro.local.*)
 *(.data.rel.ro .data.rel.ro.* .gnu.linkonce.d.rel.ro.*)
 .data.rel.ro   0x0000000000600e10        0x0 /usr/lib/gcc/x86_64-redhat-linux/8/../../../../lib64/crt1.o

.dynamic        0x0000000000600e10      0x1d0
 *(.dynamic)
 .dynamic       0x0000000000600e10      0x1d0 /usr/lib/gcc/x86_64-redhat-linux/8/../../../../lib64/crt1.o
                0x0000000000600e10                _DYNAMIC

.got            0x0000000000600fe0       0x20
 *(.got)
 .got           0x0000000000600fe0       0x20 /usr/lib/gcc/x86_64-redhat-linux/8/../../../../lib64/crt1.o
 *(.igot)
                0x0000000000601fe8                . = DATA_SEGMENT_RELRO_END (., (SIZEOF (.got.plt) >= 0x18)?0x18:0x0)

.got.plt        0x0000000000601000       0x28
 *(.got.plt)
 .got.plt       0x0000000000601000       0x28 /usr/lib/gcc/x86_64-redhat-linux/8/../../../../lib64/crt1.o
                0x0000000000601000                _GLOBAL_OFFSET_TABLE_
 *(.igot.plt)
 .igot.plt      0x0000000000601028        0x0 /usr/lib/gcc/x86_64-redhat-linux/8/../../../../lib64/crt1.o

.data           0x0000000000601030       0x28
 *(.data .data.* .gnu.linkonce.d.*)
 .data          0x0000000000601030        0x4 /usr/lib/gcc/x86_64-redhat-linux/8/../../../../lib64/crt1.o
                0x0000000000601030                data_start
                0x0000000000601030                __data_start
 .data          0x0000000000601034        0x0 /usr/lib/gcc/x86_64-redhat-linux/8/../../../../lib64/crti.o
 .data          0x0000000000601034        0x0 /usr/lib/gcc/x86_64-redhat-linux/8/crtbegin.o
 .data          0x0000000000601034        0x0 main.o
 *fill*         0x0000000000601034        0xc 
 .data          0x0000000000601040       0x18 ccc.o
 .data          0x0000000000601058        0x0 /usr/lib64/libc_nonshared.a(elf-init.oS)
 .data          0x0000000000601058        0x0 /usr/lib/gcc/x86_64-redhat-linux/8/crtend.o
 .data          0x0000000000601058        0x0 /usr/lib/gcc/x86_64-redhat-linux/8/../../../../lib64/crtn.o

.tm_clone_table
                0x0000000000601058        0x0
 .tm_clone_table
                0x0000000000601058        0x0 /usr/lib/gcc/x86_64-redhat-linux/8/crtbegin.o
 .tm_clone_table
                0x0000000000601058        0x0 /usr/lib/gcc/x86_64-redhat-linux/8/crtend.o

.data1
 *(.data1)
                0x0000000000601058                _edata = .
                [!provide]                        PROVIDE (edata = .)
                0x0000000000601058                . = .
                0x0000000000601058                __bss_start = .

.bss            0x0000000000601060       0x10
 *(.dynbss)
 *fill*         0x0000000000601060        0x0 
 .dynbss        0x0000000000601060        0x8 /usr/lib/gcc/x86_64-redhat-linux/8/../../../../lib64/crt1.o
                0x0000000000601060                stdin@@GLIBC_2.2.5
 *(.bss .bss.* .gnu.linkonce.b.*)
 .bss           0x0000000000601068        0x0 /usr/lib/gcc/x86_64-redhat-linux/8/../../../../lib64/crt1.o
 .bss           0x0000000000601068        0x0 /usr/lib/gcc/x86_64-redhat-linux/8/../../../../lib64/crti.o
 .bss           0x0000000000601068        0x1 /usr/lib/gcc/x86_64-redhat-linux/8/crtbegin.o
 .bss           0x0000000000601069        0x0 main.o
 .bss           0x0000000000601069        0x0 ccc.o
 .bss           0x0000000000601069        0x0 /usr/lib64/libc_nonshared.a(elf-init.oS)
 .bss           0x0000000000601069        0x0 /usr/lib/gcc/x86_64-redhat-linux/8/crtend.o
 .bss           0x0000000000601069        0x0 /usr/lib/gcc/x86_64-redhat-linux/8/../../../../lib64/crtn.o
 *(COMMON)
                0x0000000000601070                . = ALIGN ((. != 0x0)?0x8:0x1)
 *fill*         0x0000000000601069        0x7 

.lbss
 *(.dynlbss)
 *(.lbss .lbss.* .gnu.linkonce.lb.*)
 *(LARGE_COMMON)
                0x0000000000601070                . = ALIGN (0x8)
                0x0000000000601070                . = SEGMENT_START ("ldata-segment", .)

.lrodata
 *(.lrodata .lrodata.* .gnu.linkonce.lr.*)

.ldata          0x0000000000a01070        0x0
 *(.ldata .ldata.* .gnu.linkonce.l.*)
                0x0000000000a01070                . = ALIGN ((. != 0x0)?0x8:0x1)
                0x0000000000a01070                . = ALIGN (0x8)
                0x0000000000a01070                _end = .
                [!provide]                        PROVIDE (end = .)
                0x0000000000a01070                . = DATA_SEGMENT_END (.)

.stab
 *(.stab)

.stabstr
 *(.stabstr)

.stab.excl
 *(.stab.excl)

.stab.exclstr
 *(.stab.exclstr)

.stab.index
 *(.stab.index)

.stab.indexstr
 *(.stab.indexstr)

.comment        0x0000000000000000       0x2d
 *(.comment)
 .comment       0x0000000000000000       0x2d /usr/lib/gcc/x86_64-redhat-linux/8/../../../../lib64/crt1.o
                                         0x5c (size before relaxing)
 .comment       0x000000000000002d       0x2e /usr/lib/gcc/x86_64-redhat-linux/8/crtbegin.o
 .comment       0x000000000000002d       0x2e main.o
 .comment       0x000000000000002d       0x2e ccc.o
 .comment       0x000000000000002d       0x2e /usr/lib64/libc_nonshared.a(elf-init.oS)
 .comment       0x000000000000002d       0x2e /usr/lib/gcc/x86_64-redhat-linux/8/crtend.o

.gnu.build.attributes
                0x0000000000a01070     0x1db8
 *(.gnu.build.attributes .gnu.build.attributes.*)
 .gnu.build.attributes
                0x0000000000a01070      0x1d0 /usr/lib/gcc/x86_64-redhat-linux/8/../../../../lib64/crt1.o
 .gnu.build.attributes.hot
                0x0000000000a01240      0x1d0 /usr/lib/gcc/x86_64-redhat-linux/8/../../../../lib64/crt1.o
 .gnu.build.attributes.unlikely
                0x0000000000a01410      0x1d0 /usr/lib/gcc/x86_64-redhat-linux/8/../../../../lib64/crt1.o
 .gnu.build.attributes.startup
                0x0000000000a015e0      0x1d0 /usr/lib/gcc/x86_64-redhat-linux/8/../../../../lib64/crt1.o
 .gnu.build.attributes.exit
                0x0000000000a017b0      0x1d0 /usr/lib/gcc/x86_64-redhat-linux/8/../../../../lib64/crt1.o
 .gnu.build.attributes
                0x0000000000a01980      0x230 /usr/lib/gcc/x86_64-redhat-linux/8/../../../../lib64/crt1.o
 .gnu.build.attributes.hot
                0x0000000000a01bb0      0x1d0 /usr/lib/gcc/x86_64-redhat-linux/8/../../../../lib64/crt1.o
 .gnu.build.attributes.unlikely
                0x0000000000a01d80      0x1d0 /usr/lib/gcc/x86_64-redhat-linux/8/../../../../lib64/crt1.o
 .gnu.build.attributes.startup
                0x0000000000a01f50      0x1d0 /usr/lib/gcc/x86_64-redhat-linux/8/../../../../lib64/crt1.o
 .gnu.build.attributes.exit
                0x0000000000a02120      0x1d0 /usr/lib/gcc/x86_64-redhat-linux/8/../../../../lib64/crt1.o
 .gnu.build.attributes
                0x0000000000a022f0       0x48 /usr/lib/gcc/x86_64-redhat-linux/8/../../../../lib64/crt1.o
 .gnu.build.attributes
                0x0000000000a02338       0x6c /usr/lib/gcc/x86_64-redhat-linux/8/../../../../lib64/crti.o
 .gnu.build.attributes
                0x0000000000a023a4       0x24 /usr/lib/gcc/x86_64-redhat-linux/8/crtbegin.o
 .gnu.build.attributes
                0x0000000000a023c8      0x290 /usr/lib64/libc_nonshared.a(elf-init.oS)
 .gnu.build.attributes.hot
                0x0000000000a02658      0x1d0 /usr/lib64/libc_nonshared.a(elf-init.oS)
 .gnu.build.attributes.unlikely
                0x0000000000a02828      0x1d0 /usr/lib64/libc_nonshared.a(elf-init.oS)
 .gnu.build.attributes.startup
                0x0000000000a029f8      0x1d0 /usr/lib64/libc_nonshared.a(elf-init.oS)
 .gnu.build.attributes.exit
                0x0000000000a02bc8      0x1d0 /usr/lib64/libc_nonshared.a(elf-init.oS)
 .gnu.build.attributes
                0x0000000000a02d98       0x24 /usr/lib/gcc/x86_64-redhat-linux/8/crtend.o
 .gnu.build.attributes
                0x0000000000a02dbc       0x6c /usr/lib/gcc/x86_64-redhat-linux/8/../../../../lib64/crtn.o

.debug
 *(.debug)

.line
 *(.line)

.debug_srcinfo
 *(.debug_srcinfo)

.debug_sfnames
 *(.debug_sfnames)

.debug_aranges  0x0000000000000000       0x60
 *(.debug_aranges)
 .debug_aranges
                0x0000000000000000       0x30 main.o
 .debug_aranges
                0x0000000000000030       0x30 ccc.o

.debug_pubnames
 *(.debug_pubnames)

.debug_info     0x0000000000000000      0x8a3
 *(.debug_info .gnu.linkonce.wi.*)
 .debug_info    0x0000000000000000      0x38d main.o
 .debug_info    0x000000000000038d      0x516 ccc.o

.debug_abbrev   0x0000000000000000      0x25b
 *(.debug_abbrev)
 .debug_abbrev  0x0000000000000000       0xf9 main.o
 .debug_abbrev  0x00000000000000f9      0x162 ccc.o

.debug_line     0x0000000000000000      0x2bb
 *(.debug_line .debug_line.* .debug_line_end)
 .debug_line    0x0000000000000000      0x107 main.o
 .debug_line    0x0000000000000107      0x1b4 ccc.o

.debug_frame
 *(.debug_frame)

.debug_str      0x0000000000000000      0x305
 *(.debug_str)
 .debug_str     0x0000000000000000      0x288 main.o
                                        0x2eb (size before relaxing)
 .debug_str     0x0000000000000288       0x7d ccc.o
                                        0x354 (size before relaxing)

.debug_loc
 *(.debug_loc)

.debug_macinfo
 *(.debug_macinfo)

.debug_weaknames
 *(.debug_weaknames)

.debug_funcnames
 *(.debug_funcnames)

.debug_typenames
 *(.debug_typenames)

.debug_varnames
 *(.debug_varnames)

.debug_pubtypes
 *(.debug_pubtypes)

.debug_ranges   0x0000000000000000       0x30
 *(.debug_ranges)
 .debug_ranges  0x0000000000000000       0x30 main.o

.debug_macro
 *(.debug_macro)

.debug_addr
 *(.debug_addr)

.gnu.attributes
 *(.gnu.attributes)

/DISCARD/
 *(.note.GNU-stack)
 *(.gnu_debuglink)
 *(.gnu.lto_*)
 *(.gnu_object_only)
OUTPUT(hw2 elf64-x86-64)
